// Jest Snapshot v1, https://goo.gl/fbAQLP

exports[`Config saga handleConfigSelectOneField dynamic selector function 1`] = `"value"`;

exports[`Config saga handleConfigSelectOneField dynamic selector function 2`] = `null`;

exports[`Config saga handleConfigSelectOneField dynamic selector function 3`] = `null`;
